clk 1 std_logic bool
rst 1 std_logic sc_logic
if_axi_rd_ar_vld 1 std_logic sc_logic
if_axi_rd_ar_rdy 1 std_logic sc_logic
if_axi_rd_ar_dat 50 std_logic_vector sc_lv
if_axi_rd_r_vld 1 std_logic sc_logic
if_axi_rd_r_rdy 1 std_logic sc_logic
if_axi_rd_r_dat 141 std_logic_vector sc_lv
if_axi_wr_aw_vld 1 std_logic sc_logic
if_axi_wr_aw_rdy 1 std_logic sc_logic
if_axi_wr_aw_dat 50 std_logic_vector sc_lv
if_axi_wr_w_vld 1 std_logic sc_logic
if_axi_wr_w_rdy 1 std_logic sc_logic
if_axi_wr_w_dat 145 std_logic_vector sc_lv
if_axi_wr_b_vld 1 std_logic sc_logic
if_axi_wr_b_rdy 1 std_logic sc_logic
if_axi_wr_b_dat 12 std_logic_vector sc_lv
input_port_vld 1 std_logic sc_logic
input_port_rdy 1 std_logic sc_logic
input_port_dat 138 std_logic_vector sc_lv
output_port_vld 1 std_logic sc_logic
output_port_rdy 1 std_logic sc_logic
output_port_dat 138 std_logic_vector sc_lv
start_vld 1 std_logic sc_logic
start_rdy 1 std_logic sc_logic
start_dat 1 std_logic sc_logic
done_vld 1 std_logic sc_logic
done_rdy 1 std_logic sc_logic
done_dat 1 std_logic sc_logic
